// Jest Snapshot v1, https://goo.gl/fbAQLP

exports[`Pruebas en <FirstApp /> Debe de hacer match con el snapshot 1`] = `
<div>
  <h1>
    Hola Yuber Miranda
  </h1>
  <h2 />
  <p>
    JS
  </p>
  <code>
    {"name":"Yuber","age":23}
  </code>
</div>
`;
